
> data:bootstrap
> node scripts/bootstrap_data.mjs

{
  "schema_version": 1,
  "generated_at": "2026-10-01T23:53:19.542Z",
  "complete_through_utc_exclusive": "2026-10-01T00:00:00.000Z",
  "reproducibility": {
    "instrument": "xauusd",
    "utc_offset": 0,
    "ignore_flats": true,
    "price_type": "bid",
    "source_version": "dukascopy-node@1.49.0"
  },
  "datasets": [
    {
      "source": "Dukascopy Bank historical feed via dukascopy-node",
      "source_version": "dukascopy-node@1.49.0",
      "instrument": "XAUUSD",
      "price_side": "bid",
      "timeframe": "m15",
      "timeframe_minutes": 15,
      "path": "data/raw/XAUUSD15.csv.gz",
      "rows": 104915,
      "first_timestamp": "2022-04-26T00:00:00.000Z",
      "last_timestamp": "2026-09-30T23:45:00.000Z",
      "sha256": "58f0c26efc011941cf2c1310cf42d12100e7f86029abec96d774d1a3669da87d",
      "bytes_gzip": 1839618,
      "downloaded_rows_this_run": 0,
      "changed": false
    },
    {
      "source": "Dukascopy Bank historical feed via dukascopy-node",
      "source_version": "dukascopy-node@1.49.0",
      "instrument": "XAUUSD",
      "price_side": "bid",
      "timeframe": "m1",
      "timeframe_minutes": 1,
      "path": "data/raw/XAUUSD1.csv.gz",
      "rows": 174425,
      "first_timestamp": "2026-04-07T00:00:00.000Z",
      "last_timestamp": "2026-09-30T23:58:00.000Z",
      "sha256": "3bcf9414d5af26140ac0bf1d0997a78ec06825d585a5af2b6ea430562ffef7de",
      "bytes_gzip": 2747876,
      "downloaded_rows_this_run": 0,
      "changed": false
    }
  ]
}
