{
  "experiment_hash": "0afa92ea27f801e2",
  "architecture": "A01",
  "status": "FAIL",
  "progress": "EVALUATED",
  "diagnosis": "PF_LOW,Y_LOW,H_LOW,DD_HIGH,FREQ_LOW,PNL_LOW",
  "metrics": {
    "trades": 335,
    "pf": 0.8207243519872935,
    "pf_year_min": 0.6844867712313919,
    "pf_half_min": 0.5695490046766001,
    "max_drawdown": 0.4620499714285704,
    "trades_per_day": 0.20691785052501543,
    "pnl_daily": -0.2342396982264178,
    "net_pnl": -379.2340714285704,
    "win_rate": 0.5313432835820896,
    "ending_equity": 620.7659285714279
  },
  "evidence": "artifacts/experiments/0afa92ea27f801e2",
  "timestamp": "2026-10-02T22:58:49.955515+00:00"
}
